 _______________ 
< Hello, world! >
 --------------- 
        \   ^__^
         \  (oo)\_______
            (__)\       )\/\
                ||----w |
                ||     ||
